2026-08-24 02:40:42 [INFO] Loaded 8 clubs from config
2026-08-24 02:40:42 [INFO] Running WHOIS monitor...
2026-08-24 02:41:05 [INFO] WHOIS change detected: Real Madrid - nameservers_changed
2026-08-24 02:41:05 [INFO] Telegram alert sent successfully
2026-08-24 02:41:05 [INFO] WHOIS change detected: Athletico Paranaense - nameservers_changed
2026-08-24 02:41:06 [INFO] Telegram alert sent successfully
2026-08-24 02:41:06 [INFO] WHOIS change detected: Corinthians - nameservers_changed
2026-08-24 02:41:06 [INFO] Telegram alert sent successfully
2026-08-24 02:41:06 [INFO] WHOIS change detected: Grêmio - nameservers_changed
2026-08-24 02:41:07 [INFO] Telegram alert sent successfully
2026-08-24 02:41:07 [INFO] WHOIS change detected: Santos - nameservers_changed
2026-08-24 02:41:07 [INFO] Telegram alert sent successfully
2026-08-24 02:41:07 [INFO] WHOIS change detected: Palmeiras - nameservers_changed
2026-08-24 02:41:11 [INFO] Telegram alert sent successfully
2026-08-24 02:41:11 [INFO] WHOIS change detected: Barcelona - nameservers_changed
2026-08-24 02:41:11 [INFO] Telegram alert sent successfully
2026-08-24 02:41:11 [INFO] WHOIS change detected: Flamengo - nameservers_changed
2026-08-24 02:41:12 [INFO] Telegram alert sent successfully
2026-08-24 02:41:17 [INFO] Running Site Monitoring...
2026-08-24 02:41:50 [INFO] Run completed - 8 alerts sent, 0 monitor crashes, 0 page/domain errors
2026-08-24 10:25:54 [INFO] Loaded 8 clubs from config
2026-08-24 10:25:54 [INFO] Running WHOIS monitor...
2026-08-24 10:26:22 [INFO] Running Site Monitoring...
2026-08-24 10:26:57 [INFO] Run completed - 0 alerts sent, 0 monitor crashes, 0 page/domain errors
